// Jest Snapshot v1, https://goo.gl/fbAQLP

exports[`Product DTO mapping 1`] = `
Product {
  "basePrice": 0,
  "desc": "bbbbb",
  "id": 123,
  "image": "/assets/defaultProduct.png",
  "price": 0,
  "sku": "abc",
  "stocked": false,
  "title": "aaaaaa",
}
`;
